


==================   logged at 08/06/26, 19:38:47    ==========================

Version: 311
Dump File Name: D:\work\popshot\game_patched\Dump\BigShotV0311N001.mdmp
Exception code: C0000005 ACCESS_VIOLATION
Fault address:  0040197F 01:0000097F D:\work\popshot\game_patched\BigShot.exe

Registers:
EAX:00000000
EBX:00000001
ECX:0019FC1C
EDX:00000000
ESI:FFFFFFFF
EDI:3BFF5380
CS:EIP:0023:0040197F
SS:ESP:002B:0019FC14  EBP:0019FC28
DS:002B  ES:002B  FS:0053  GS:002B
Flags:00010246

Call stack:
Address   Frame
0040197F  0019FC28  0001:0000097F D:\work\popshot\game_patched\BigShot.exe
004655FA  0019FC98  0001:000645FA D:\work\popshot\game_patched\BigShot.exe
00465234  0019FCDC  0001:00064234 D:\work\popshot\game_patched\BigShot.exe
00466F69  0019FD3C  0001:00065F69 D:\work\popshot\game_patched\BigShot.exe
0040BD09  0019FD58  0001:0000AD09 D:\work\popshot\game_patched\BigShot.exe
00426742  0019FE24  0001:00025742 D:\work\popshot\game_patched\BigShot.exe
0040A6B9  0019FE48  0001:000096B9 D:\work\popshot\game_patched\BigShot.exe
005F7B9E  0019FF70  0001:001F6B9E D:\work\popshot\game_patched\BigShot.exe
7702FCC9  0019FF80  BaseThreadInitThunk+19
773F82AE  0019FFDC  RtlGetAppContainerNamedObjectPath+11E
773F827E  0019FFEC  RtlGetAppContainerNamedObjectPath+EE



==================   logged at 08/06/26, 19:55:06    ==========================

Version: 311
Dump File Name: D:\work\popshot\game_patched\Dump\BigShotV0311N002.mdmp
Exception code: C0000005 ACCESS_VIOLATION
Fault address:  0040197F 01:0000097F D:\work\popshot\game_patched\BigShot.exe

Registers:
EAX:00000000
EBX:00000001
ECX:0019FC1C
EDX:00000000
ESI:FFFFFFFF
EDI:3C05FCF8
CS:EIP:0023:0040197F
SS:ESP:002B:0019FC14  EBP:0019FC28
DS:002B  ES:002B  FS:0053  GS:002B
Flags:00010246

Call stack:
Address   Frame
0040197F  0019FC28  0001:0000097F D:\work\popshot\game_patched\BigShot.exe
004655FA  0019FC98  0001:000645FA D:\work\popshot\game_patched\BigShot.exe
00465234  0019FCDC  0001:00064234 D:\work\popshot\game_patched\BigShot.exe
00466F69  0019FD3C  0001:00065F69 D:\work\popshot\game_patched\BigShot.exe
0040BD09  0019FD58  0001:0000AD09 D:\work\popshot\game_patched\BigShot.exe
00426742  0019FE24  0001:00025742 D:\work\popshot\game_patched\BigShot.exe
0040A6B9  0019FE48  0001:000096B9 D:\work\popshot\game_patched\BigShot.exe
005F7B9E  0019FF70  0001:001F6B9E D:\work\popshot\game_patched\BigShot.exe
7702FCC9  0019FF80  BaseThreadInitThunk+19
773F82AE  0019FFDC  RtlGetAppContainerNamedObjectPath+11E
773F827E  0019FFEC  RtlGetAppContainerNamedObjectPath+EE



==================   logged at 08/06/26, 22:16:27    ==========================

Version: 311
Dump File Name: D:\work\popshot\game_patched\Dump\BigShotV0311N003.mdmp
Exception code: C0000005 ACCESS_VIOLATION
Fault address:  0050A368 01:00109368 D:\work\popshot\game_patched\BigShot.exe

Registers:
EAX:00000000
EBX:00000000
ECX:1FAE5A80
EDX:006935DC
ESI:0019FC5C
EDI:1FAE5A80
CS:EIP:0023:0050A368
SS:ESP:002B:0019FB98  EBP:0019FBE8
DS:002B  ES:002B  FS:0053  GS:002B
Flags:00010202

Call stack:
Address   Frame
0050A368  0019FBE8  0001:00109368 D:\work\popshot\game_patched\BigShot.exe
00496F84  0019FC08  0001:00095F84 D:\work\popshot\game_patched\BigShot.exe
00497040  0019FC1C  0001:00096040 D:\work\popshot\game_patched\BigShot.exe
00490F31  0019FC94  0001:0008FF31 D:\work\popshot\game_patched\BigShot.exe
00424F18  0019FCB8  0001:00023F18 D:\work\popshot\game_patched\BigShot.exe
0042B5B7  0019FCF0  0001:0002A5B7 D:\work\popshot\game_patched\BigShot.exe
0042647B  0019FD30  0001:0002547B D:\work\popshot\game_patched\BigShot.exe
0040E6C4  0019FD78  0001:0000D6C4 D:\work\popshot\game_patched\BigShot.exe
0040DF96  0019FE24  0001:0000CF96 D:\work\popshot\game_patched\BigShot.exe
0040A6B9  0019FE48  0001:000096B9 D:\work\popshot\game_patched\BigShot.exe
005F7B9E  0019FF70  0001:001F6B9E D:\work\popshot\game_patched\BigShot.exe
7702FCC9  0019FF80  BaseThreadInitThunk+19
773F82AE  0019FFDC  RtlGetAppContainerNamedObjectPath+11E
773F827E  0019FFEC  RtlGetAppContainerNamedObjectPath+EE



==================   logged at 08/07/26, 00:12:15    ==========================

Version: 311
Dump File Name: D:\work\popshot\game_patched\Dump\BigShotV0311N004.mdmp
Exception code: C0000005 ACCESS_VIOLATION
Fault address:  0050A368 01:00109368 D:\work\popshot\game_patched\BigShot.exe

Registers:
EAX:00000000
EBX:00000000
ECX:1FB00720
EDX:006935DC
ESI:0019FC5C
EDI:1FB00720
CS:EIP:0023:0050A368
SS:ESP:002B:0019FB98  EBP:0019FBE8
DS:002B  ES:002B  FS:0053  GS:002B
Flags:00010202

Call stack:
Address   Frame
0050A368  0019FBE8  0001:00109368 D:\work\popshot\game_patched\BigShot.exe
00496F84  0019FC08  0001:00095F84 D:\work\popshot\game_patched\BigShot.exe
00497040  0019FC1C  0001:00096040 D:\work\popshot\game_patched\BigShot.exe
00490F31  0019FC94  0001:0008FF31 D:\work\popshot\game_patched\BigShot.exe
00424F18  0019FCB8  0001:00023F18 D:\work\popshot\game_patched\BigShot.exe
0042B5B7  0019FCF0  0001:0002A5B7 D:\work\popshot\game_patched\BigShot.exe
0042647B  0019FD30  0001:0002547B D:\work\popshot\game_patched\BigShot.exe
0040E6C4  0019FD78  0001:0000D6C4 D:\work\popshot\game_patched\BigShot.exe
0040DF96  0019FE24  0001:0000CF96 D:\work\popshot\game_patched\BigShot.exe
0040A6B9  0019FE48  0001:000096B9 D:\work\popshot\game_patched\BigShot.exe
005F7B9E  0019FF70  0001:001F6B9E D:\work\popshot\game_patched\BigShot.exe
7702FCC9  0019FF80  BaseThreadInitThunk+19
773F82AE  0019FFDC  RtlGetAppContainerNamedObjectPath+11E
773F827E  0019FFEC  RtlGetAppContainerNamedObjectPath+EE



==================   logged at 08/07/26, 16:01:25    ==========================

Version: 311
Dump File Name: D:\work\popshot\game_patched\Dump\BigShotV0311N005.mdmp
Exception code: C0000005 ACCESS_VIOLATION
Fault address:  005CCF29 01:001CBF29 D:\work\popshot\game_patched\BigShot.exe

Registers:
EAX:00000000
EBX:00000090
ECX:3C9FCAF0
EDX:0073304C
ESI:3CC32BD8
EDI:3C562C60
CS:EIP:0023:005CCF29
SS:ESP:002B:0019FB68  EBP:0019FB6C
DS:002B  ES:002B  FS:0053  GS:002B
Flags:00010246

Call stack:
Address   Frame
005CCF29  0019FB6C  0001:001CBF29 D:\work\popshot\game_patched\BigShot.exe
00472897  0019FB9C  0001:00071897 D:\work\popshot\game_patched\BigShot.exe
00472064  0019FBCC  0001:00071064 D:\work\popshot\game_patched\BigShot.exe
004A4344  0019FC24  0001:000A3344 D:\work\popshot\game_patched\BigShot.exe
004781FE  0019FC94  0001:000771FE D:\work\popshot\game_patched\BigShot.exe
00424F18  0019FCB8  0001:00023F18 D:\work\popshot\game_patched\BigShot.exe
0042B5B7  0019FCF0  0001:0002A5B7 D:\work\popshot\game_patched\BigShot.exe
0042647B  0019FD30  0001:0002547B D:\work\popshot\game_patched\BigShot.exe
0040E6C4  0019FD78  0001:0000D6C4 D:\work\popshot\game_patched\BigShot.exe
0040DF96  0019FE24  0001:0000CF96 D:\work\popshot\game_patched\BigShot.exe
0040A6B9  0019FE48  0001:000096B9 D:\work\popshot\game_patched\BigShot.exe
005F7B9E  0019FF70  0001:001F6B9E D:\work\popshot\game_patched\BigShot.exe
75ECFCC9  0019FF80  BaseThreadInitThunk+19
772B82AE  0019FFDC  RtlGetAppContainerNamedObjectPath+11E
772B827E  0019FFEC  RtlGetAppContainerNamedObjectPath+EE



==================   logged at 08/07/26, 16:10:58    ==========================

Version: 311
Dump File Name: D:\work\popshot\game_patched\Dump\BigShotV0311N006.mdmp
Exception code: C0000005 ACCESS_VIOLATION
Fault address:  0047252D 01:0007152D D:\work\popshot\game_patched\BigShot.exe

Registers:
EAX:3ADBF468
EBX:00000000
ECX:1FC8C538
EDX:006935DC
ESI:FFFF1AE6
EDI:1FCDF0C8
CS:EIP:0023:0047252D
SS:ESP:002B:0019FB4C  EBP:0019FB98
DS:002B  ES:002B  FS:0053  GS:002B
Flags:00010286

Call stack:
Address   Frame
0047252D  0019FB98  0001:0007152D D:\work\popshot\game_patched\BigShot.exe
00472033  0019FBCC  0001:00071033 D:\work\popshot\game_patched\BigShot.exe
004A4344  0019FC24  0001:000A3344 D:\work\popshot\game_patched\BigShot.exe
004781FE  0019FC94  0001:000771FE D:\work\popshot\game_patched\BigShot.exe
00424F18  0019FCB8  0001:00023F18 D:\work\popshot\game_patched\BigShot.exe
0042B5B7  0019FCF0  0001:0002A5B7 D:\work\popshot\game_patched\BigShot.exe
0042647B  0019FD30  0001:0002547B D:\work\popshot\game_patched\BigShot.exe
0040E6C4  0019FD78  0001:0000D6C4 D:\work\popshot\game_patched\BigShot.exe
0040DF96  0019FE24  0001:0000CF96 D:\work\popshot\game_patched\BigShot.exe
0040A6B9  0019FE48  0001:000096B9 D:\work\popshot\game_patched\BigShot.exe
005F7B9E  0019FF70  0001:001F6B9E D:\work\popshot\game_patched\BigShot.exe
75ECFCC9  0019FF80  BaseThreadInitThunk+19
772B82AE  0019FFDC  RtlGetAppContainerNamedObjectPath+11E
772B827E  0019FFEC  RtlGetAppContainerNamedObjectPath+EE



==================   logged at 08/08/26, 13:56:53    ==========================

Version: 311
Dump File Name: D:\work\popshot\game_patched\Dump\BigShotV0311N007.mdmp
Exception code: C0000005 ACCESS_VIOLATION
Fault address:  00430857 01:0002F857 D:\work\popshot\game_patched\BigShot.exe

Registers:
EAX:00000060
EBX:00000000
ECX:3E57A230
EDX:42480000
ESI:412216C0
EDI:412217B4
CS:EIP:0023:00430857
SS:ESP:002B:0019FC4C  EBP:0019FC60
DS:002B  ES:002B  FS:0053  GS:002B
Flags:00010206

Call stack:
Address   Frame
00430857  0019FC60  0001:0002F857 D:\work\popshot\game_patched\BigShot.exe
004F682A  0019FC8C  0001:000F582A D:\work\popshot\game_patched\BigShot.exe
004F5970  0019FCFC  0001:000F4970 D:\work\popshot\game_patched\BigShot.exe
00477BAB  0019FD3C  0001:00076BAB D:\work\popshot\game_patched\BigShot.exe
0040BD40  0019FD58  0001:0000AD40 D:\work\popshot\game_patched\BigShot.exe
00426742  0019FE24  0001:00025742 D:\work\popshot\game_patched\BigShot.exe
0040A6B9  0019FE48  0001:000096B9 D:\work\popshot\game_patched\BigShot.exe
005F7B9E  0019FF70  0001:001F6B9E D:\work\popshot\game_patched\BigShot.exe
75ECFCC9  0019FF80  BaseThreadInitThunk+19
772B82AE  0019FFDC  RtlGetAppContainerNamedObjectPath+11E
772B827E  0019FFEC  RtlGetAppContainerNamedObjectPath+EE



==================   logged at 08/11/26, 00:37:50    ==========================

Version: 311
Dump File Name: D:\work\popshot\game_patched\Dump\BigShotV0311N008.mdmp
Exception code: C0000005 ACCESS_VIOLATION
Fault address:  0040F4EF 01:0000E4EF D:\work\popshot\game_patched\BigShot.exe

Registers:
EAX:00000000
EBX:00000001
ECX:3A3E4818
EDX:0065F4E4
ESI:00000001
EDI:FFFFFFFF
CS:EIP:0023:0040F4EF
SS:ESP:002B:0019F204  EBP:0019F214
DS:002B  ES:002B  FS:0053  GS:002B
Flags:00010286

Call stack:
Address   Frame
0040F4EF  0019F214  0001:0000E4EF D:\work\popshot\game_patched\BigShot.exe
0043B46A  0019FD78  0001:0003A46A D:\work\popshot\game_patched\BigShot.exe
0040DECB  0019FE24  0001:0000CECB D:\work\popshot\game_patched\BigShot.exe
0040A6B9  0019FE48  0001:000096B9 D:\work\popshot\game_patched\BigShot.exe
005F7B9E  0019FF70  0001:001F6B9E D:\work\popshot\game_patched\BigShot.exe
75ECFCC9  0019FF80  BaseThreadInitThunk+19
772B82AE  0019FFDC  RtlGetAppContainerNamedObjectPath+11E
772B827E  0019FFEC  RtlGetAppContainerNamedObjectPath+EE



==================   logged at 09/05/26, 05:52:01    ==========================

Version: 311
Dump File Name: D:\git\popshot-reborn\develop\3_Shop_Craft\game_patched\Dump\BigShotV0311N009.mdmp
Exception code: C0000005 ACCESS_VIOLATION
Fault address:  005CEDC9 01:001CDDC9 D:\git\popshot-reborn\develop\3_Shop_Craft\game_patched\BigShot.exe

Registers:
EAX:0019ED58
EBX:FFFFFFFF
ECX:00000100
EDX:00000000
ESI:00000100
EDI:0019EF68
CS:EIP:0023:005CEDC9
SS:ESP:002B:0019ED44  EBP:0019EF78
DS:002B  ES:002B  FS:0053  GS:002B
Flags:00210216

Call stack:
Address   Frame
005CEDC9  0019EF78  0001:001CDDC9 D:\git\popshot-reborn\develop\3_Shop_Craft\game_patched\BigShot.exe
005BD018  0019EFC0  0001:001BC018 D:\git\popshot-reborn\develop\3_Shop_Craft\game_patched\BigShot.exe
00424B53  0019F550  0001:00023B53 D:\git\popshot-reborn\develop\3_Shop_Craft\game_patched\BigShot.exe
0040F0CC  0019F5DC  0001:0000E0CC D:\git\popshot-reborn\develop\3_Shop_Craft\game_patched\BigShot.exe
75F01C0B  0019F608  AddClipboardFormatListener+4B
75EF82CA  0019F6F0  GetClassLongW+83A
75EF7EE0  0019F754  GetClassLongW+450
75EFC3AF  0019F790  CallNextHookEx+19F
77E956CD  0019F81C  KiUserCallbackDispatcher+4D
75EFC52E  0019F858  PeekMessageW+DE
5CA0E70F  0019F8AC  Ordinal107+6ADF
5CA0DD9C  0019F8C8  Ordinal107+616C
5CA0DB9C  0019F8E4  Ordinal107+5F6C
5C979AC0  0019F900  UninitializeLocalHtmlEngine+7A150
5D8EA406  0019F924  SetQueryNetSessionCount+41A6
5D8EA0D7  0019F948  SetQueryNetSessionCount+3E77
5D8E29DE  0019F974  Ordinal319+261E
75F01C0B  0019F9A0  AddClipboardFormatListener+4B
75EF82CA  0019FA88  GetClassLongW+83A
75EF7EE0  0019FAEC  GetClassLongW+450
75EFC3AF  0019FB28  CallNextHookEx+19F
77E956CD  0019FB7C  KiUserCallbackDispatcher+4D
0040D9C7  0019FE20  0001:0000C9C7 D:\git\popshot-reborn\develop\3_Shop_Craft\game_patched\BigShot.exe
0040A68E  0019FE48  0001:0000968E D:\git\popshot-reborn\develop\3_Shop_Craft\game_patched\BigShot.exe
005F7B9E  0019FF70  0001:001F6B9E D:\git\popshot-reborn\develop\3_Shop_Craft\game_patched\BigShot.exe
7609FCC9  0019FF80  BaseThreadInitThunk+19
77E882AE  0019FFDC  RtlGetAppContainerNamedObjectPath+11E
77E8827E  0019FFEC  RtlGetAppContainerNamedObjectPath+EE



==================   logged at 09/05/26, 13:32:43    ==========================

Version: 311
Dump File Name: D:\git\popshot-reborn\develop\3_Shop_Craft\game_patched\Dump\BigShotV0311N010.mdmp
Exception code: C0000005 ACCESS_VIOLATION
Fault address:  005CEDC9 01:001CDDC9 D:\git\popshot-reborn\develop\3_Shop_Craft\game_patched\BigShot.exe

Registers:
EAX:0019ED58
EBX:FFFFFFFF
ECX:00000100
EDX:00000000
ESI:00000100
EDI:0019EF68
CS:EIP:0023:005CEDC9
SS:ESP:002B:0019ED44  EBP:0019EF78
DS:002B  ES:002B  FS:0053  GS:002B
Flags:00210216

Call stack:
Address   Frame
005CEDC9  0019EF78  0001:001CDDC9 D:\git\popshot-reborn\develop\3_Shop_Craft\game_patched\BigShot.exe
005BD018  0019EFC0  0001:001BC018 D:\git\popshot-reborn\develop\3_Shop_Craft\game_patched\BigShot.exe
00424B53  0019F550  0001:00023B53 D:\git\popshot-reborn\develop\3_Shop_Craft\game_patched\BigShot.exe
0040F0CC  0019F5DC  0001:0000E0CC D:\git\popshot-reborn\develop\3_Shop_Craft\game_patched\BigShot.exe
75F01C0B  0019F608  AddClipboardFormatListener+4B
75EF82CA  0019F6F0  GetClassLongW+83A
75EF7EE0  0019F754  GetClassLongW+450
75EFC3AF  0019F790  CallNextHookEx+19F
77E956CD  0019F81C  KiUserCallbackDispatcher+4D
75EFC52E  0019F858  PeekMessageW+DE
5CA0E70F  0019F8AC  Ordinal107+6ADF
5CA0DD9C  0019F8C8  Ordinal107+616C
5CA0DB9C  0019F8E4  Ordinal107+5F6C
5C979AC0  0019F900  UninitializeLocalHtmlEngine+7A150
5D8EA406  0019F924  SetQueryNetSessionCount+41A6
5D8EA0D7  0019F948  SetQueryNetSessionCount+3E77
5D8E29DE  0019F974  Ordinal319+261E
75F01C0B  0019F9A0  AddClipboardFormatListener+4B
75EF82CA  0019FA88  GetClassLongW+83A
75EF7EE0  0019FAEC  GetClassLongW+450
75EFC3AF  0019FB28  CallNextHookEx+19F
77E956CD  0019FB7C  KiUserCallbackDispatcher+4D
0040D9C7  0019FE20  0001:0000C9C7 D:\git\popshot-reborn\develop\3_Shop_Craft\game_patched\BigShot.exe
0040A68E  0019FE48  0001:0000968E D:\git\popshot-reborn\develop\3_Shop_Craft\game_patched\BigShot.exe
005F7B9E  0019FF70  0001:001F6B9E D:\git\popshot-reborn\develop\3_Shop_Craft\game_patched\BigShot.exe
7609FCC9  0019FF80  BaseThreadInitThunk+19
77E882AE  0019FFDC  RtlGetAppContainerNamedObjectPath+11E
77E8827E  0019FFEC  RtlGetAppContainerNamedObjectPath+EE



==================   logged at 09/06/26, 21:47:06    ==========================

Version: 311
Dump File Name: D:\git\popshot-reborn\develop\3_Shop_Craft\game_patched\Dump\BigShotV0311N011.mdmp
Exception code: C0000005 ACCESS_VIOLATION
Fault address:  0058CBFF 01:0018BBFF D:\git\popshot-reborn\develop\3_Shop_Craft\game_patched\BigShot.exe

Registers:
EAX:3CCEEB14
EBX:3CD619A0
ECX:00000058
EDX:0019FA70
ESI:00000000
EDI:3CDBED18
CS:EIP:0023:0058CBFF
SS:ESP:002B:0019FA50  EBP:0019FA50
DS:002B  ES:002B  FS:0053  GS:002B
Flags:00010206

Call stack:
Address   Frame
0058CBFF  0019FA50  0001:0018BBFF D:\git\popshot-reborn\develop\3_Shop_Craft\game_patched\BigShot.exe
005D280D  0019FB04  0001:001D180D D:\git\popshot-reborn\develop\3_Shop_Craft\game_patched\BigShot.exe
3D5C0800  BFA38768  0000:00000000 



==================   logged at 09/06/26, 21:47:44    ==========================

Version: 311
Dump File Name: D:\git\popshot-reborn\develop\3_Shop_Craft\game_patched\Dump\BigShotV0311N012.mdmp
Exception code: C0000005 ACCESS_VIOLATION
Fault address:  0058CBFF 01:0018BBFF D:\git\popshot-reborn\develop\3_Shop_Craft\game_patched\BigShot.exe

Registers:
EAX:3D47BC34
EBX:3D5306F8
ECX:00000058
EDX:0019FA70
ESI:00000000
EDI:3D537008
CS:EIP:0023:0058CBFF
SS:ESP:002B:0019FA50  EBP:0019FA50
DS:002B  ES:002B  FS:0053  GS:002B
Flags:00010202

Call stack:
Address   Frame
0058CBFF  0019FA50  0001:0018BBFF D:\git\popshot-reborn\develop\3_Shop_Craft\game_patched\BigShot.exe
005D280D  0019FB04  0001:001D180D D:\git\popshot-reborn\develop\3_Shop_Craft\game_patched\BigShot.exe
3D5C0800  BFA38768  0000:00000000 
